[2025-01-22 14:26:21] [INFO] [32mPushing build branch to icode ...[0m
[2025-01-22 14:26:22] [INFO] [32mAnalyzing module dependency ...[0m
[2025-01-22 14:26:22] [WARNING] [33mPlease change CONFIGS('baidu/third-party/gflags@gflags_V2.2.2_GCC12_GEN_PD_BL') to CONFIGS('third-64/gflags@gflags_V2.2.2_GCC12_GEN_PD_BL') or CONFIGS('baidu/third-party/gflags@xxx@git_branch') or CONFIGS('baidu/third-party/gflags@xxx_PD_BL@git_tag') in /home/work/baikaldb/baidu/third-party/rocksdb/BCLOUD[0m
[2025-01-22 14:26:22] [WARNING] [33m[WARN] resp info for invoke http://bcloud-patch.bj.bcebos.com/bcloud_cache/INTERFACE/SCM/GET_DEP_INFO/1.0.1.1/2b45103b4a643a0e68100831ddbcdb2f.done: HTTP Error 404: Not Found[0m
[2025-01-22 14:26:22] [WARNING] [33m[WARN] resp info for invoke http://bcloud-patch.bj.bcebos.com/bcloud_cache/INTERFACE/SCM/GET_DEP_INFO/1.0.1.1/bda8d9baa0d58e262fff002adbe4b9a3.done: HTTP Error 404: Not Found[0m
[2025-01-22 14:26:23] [WARNING] [33mGet empty deps from SCM: CONFIGS('thirdsrc/snappy@snappy_1-0-5-100_PD_BL')[0m
[2025-01-22 14:26:23] [WARNING] [33mGet deps error from SCM in CONFIGS('baidu/third-party/gflags@gflags_V2.2.2_GCC12_GEN_PD_BL')[0m
[2025-01-22 14:26:23] [WARNING] [33mGet deps error from SCM in CONFIGS('baidu/third-party/gflags@gflags_V2.2.2_GCC12_GEN_PD_BL')[0m
[2025-01-22 14:26:23] [WARNING] [33mGet deps error from SCM in CONFIGS('baidu/third-party/gflags@gflags_V2.2.2_GCC12_GEN_PD_BL')[0m
[2025-01-22 14:26:23] [WARNING] [33mGet deps error from SCM in CONFIGS('baidu/third-party/gflags@gflags_V2.2.2_GCC12_GEN_PD_BL')[0m
[2025-01-22 14:26:23] [INFO] [32mGetting repo info from thirdsrc/snappy@snappy_1-0-5-100_PD_BL...[0m
[2025-01-22 14:26:23] [INFO] [32mGetting repo info from third-64/boost@boost_1-56-0-100_PD_BL...[0m
[2025-01-22 14:26:23] [INFO] [32mGetting repo info from third-64/protobuf@protobuf_2-4-1-1100_PD_BL...[0m
[2025-01-22 14:26:23] [INFO] [32mGetting repo info from third-64/libevent@libevent_2-0-22-0_PD_BL...[0m
[2025-01-22 14:26:23] [INFO] [32mGetting repo info from thirdsrc/snappy@snappy_1-0-5-100_PD_BL...[0m
[2025-01-22 14:26:23] [INFO] [32mGetting repo info from third-64/boost@boost_1-56-0-100_PD_BL...[0m
[2025-01-22 14:26:23] [INFO] [32mGetting repo info from third-64/protobuf@protobuf_2-4-1-1100_PD_BL...[0m
[2025-01-22 14:26:24] [INFO] [32mGetting repo info from third-64/libevent@libevent_2-0-22-0_PD_BL...[0m
[2025-01-22 14:26:24] [INFO] [32mChecking branch/tag name from icode ...[0m
[2025-01-22 14:27:16] [INFO] [32mPushing build branch to icode ...[0m
[2025-01-22 14:27:16] [INFO] [32mAnalyzing module dependency ...[0m
[2025-01-22 14:27:16] [INFO] [32mChecking branch/tag name from icode ...[0m
[2025-01-22 14:29:43] [INFO] [32mPushing build branch to icode ...[0m
[2025-01-22 14:29:43] [INFO] [32mAnalyzing module dependency ...[0m
[2025-01-22 14:29:43] [INFO] [32mChecking branch/tag name from icode ...[0m
[2025-01-22 14:31:19] [INFO] [32mClient will download compiler output from server, total size: 1287.2 MB[0m
[2025-01-22 15:26:39] [INFO] [32mPushing build branch to icode ...[0m
[2025-01-22 15:26:39] [INFO] [32mAnalyzing module dependency ...[0m
[2025-01-22 15:26:39] [INFO] [32mChecking branch/tag name from icode ...[0m
[2025-01-22 15:31:24] [INFO] [32mPushing build branch to icode ...[0m
[2025-01-22 15:31:25] [INFO] [32mAnalyzing module dependency ...[0m
[2025-01-22 15:31:25] [INFO] [32mChecking branch/tag name from icode ...[0m
[2025-01-22 15:32:06] [INFO] [32mPushing build branch to icode ...[0m
[2025-01-22 15:32:06] [INFO] [32mAnalyzing module dependency ...[0m
[2025-01-22 15:32:06] [INFO] [32mChecking branch/tag name from icode ...[0m
[2025-01-22 15:33:43] [INFO] [32mPushing build branch to icode ...[0m
[2025-01-22 15:33:43] [INFO] [32mAnalyzing module dependency ...[0m
[2025-01-22 15:33:43] [INFO] [32mChecking branch/tag name from icode ...[0m
[2025-01-22 15:43:08] [INFO] [32mPushing build branch to icode ...[0m
[2025-01-22 15:43:09] [INFO] [32mAnalyzing module dependency ...[0m
[2025-01-22 15:43:09] [INFO] [32mChecking branch/tag name from icode ...[0m
[2025-01-22 15:44:53] [INFO] [32mClient will download compiler output from server, total size: 1287.5 MB[0m
[2025-01-22 16:06:14] [INFO] [32mPushing build branch to icode ...[0m
[2025-01-22 16:06:14] [INFO] [32mAnalyzing module dependency ...[0m
[2025-01-22 16:06:14] [INFO] [32mChecking branch/tag name from icode ...[0m
[2025-01-22 16:07:11] [INFO] [32mClient will download compiler output from server, total size: 1287.4 MB[0m
[2025-01-22 19:15:30] [INFO] [32mPushing build branch to icode ...[0m
[2025-01-22 19:15:30] [INFO] [32mAnalyzing module dependency ...[0m
[2025-01-22 19:15:30] [INFO] [32mChecking branch/tag name from icode ...[0m
[2025-01-22 19:16:50] [INFO] [32mClient will download compiler output from server, total size: 1287.46 MB[0m
[2025-01-22 19:19:10] [INFO] [32mPushing build branch to icode ...[0m
[2025-01-22 19:19:11] [INFO] [32mAnalyzing module dependency ...[0m
[2025-01-22 19:19:11] [INFO] [32mChecking branch/tag name from icode ...[0m
